#-----------------------------------------------------------
# Vivado v2020.1 (64-bit)
# SW Build 2902540 on Wed May 27 19:54:49 MDT 2020
# IP Build 2902112 on Wed May 27 22:43:36 MDT 2020
# Start of session at: Wed Jun  7 17:20:49 2023
# Process ID: 8756
# Current directory: C:/Users/user/Downloads/VivadoProject-b41ae99e29e7bab9284d276400d32d3d6f0c61fb/VivadoProject-b41ae99e29e7bab9284d276400d32d3d6f0c61fb/project_1/project_1.runs/impl_1
# Command line: vivado.exe -log scan_7_seg.vdi -applog -product Vivado -messageDb vivado.pb -mode batch -source scan_7_seg.tcl -notrace
# Log file: C:/Users/user/Downloads/VivadoProject-b41ae99e29e7bab9284d276400d32d3d6f0c61fb/VivadoProject-b41ae99e29e7bab9284d276400d32d3d6f0c61fb/project_1/project_1.runs/impl_1/scan_7_seg.vdi
# Journal file: C:/Users/user/Downloads/VivadoProject-b41ae99e29e7bab9284d276400d32d3d6f0c61fb/VivadoProject-b41ae99e29e7bab9284d276400d32d3d6f0c61fb/project_1/project_1.runs/impl_1\vivado.jou
#-----------------------------------------------------------
source scan_7_seg.tcl -notrace
